// Jest Snapshot v1, https://goo.gl/fbAQLP

exports[`Document Container should match the snapshot 1`] = `
<document-stub oscilloscopeenabled="true">
  <div style="width: 4998px; height: 4998px;"></div>
  <!---->
  <div class="zoom"><button class="zoom__out"><i class="fas fa-search-minus"></i></button>
    <div class="zoom__level">1</div> <button class="zoom__out"><i class="fas fa-search-plus"></i></button>
  </div>
  <oscilloscope-container-stub waves="[object Object]"></oscilloscope-container-stub>
</document-stub>
`;
