// Jest Snapshot v1, https://goo.gl/fbAQLP

exports[`Oscilloscope Title Bar should match the snapshot 1`] = `"<input type="range" class="status-bar-zoom" step="10" min="0" max="200">"`;
