// Vitest Snapshot v1, https://vitest.dev/guide/snapshot.html

exports[`Status Bar Button > should match the snapshot 1`] = `"<button class="status-bar-button" title="" style="width: 2em;"></button>"`;

exports[`Status Bar Button should match the snapshot 1`] = `"<button class="status-bar-button" title="" style="width: 2em;"></button>"`;
