// Jest Snapshot v1, https://goo.gl/fbAQLP

exports[`Digit SVG renderer getNumber() should render the correct colors for the char '7' 1`] = `"<path fill=\\"#262831\\" d=\\"M 8,10 L 12,14 L 12,42 L 8,46 L 4,42 L 4,14 L 8,10 z\\" /><path fill=\\"#71AC7C\\" d=\\"M 10,8 L 14,4 L 42,4 L 46,8 L 42,12 L 14,12 L 10,8 z\\" /><path fill=\\"#71AC7C\\" d=\\"M 48,10 L 52,14 L 52,42 L 48,46 L 44,42 L 44,14 L 48,10 z\\" /><path fill=\\"#71AC7C\\" d=\\"M 48,50 L 52,54 L 52,82 L 48,86 L 44,82 L 44,54 L 48,50 z\\" /><path fill=\\"#262831\\" d=\\"M 10,88 L 14,84 L 42,84 L 46,88 L 42,92 L 14,92 L 10,88 z\\" /><path fill=\\"#262831\\" d=\\"M 8,50 L 12,54 L 12,82 L 8,86 L 4,82 L 4,54 L 8,50 z\\" /><path fill=\\"#262831\\" d=\\"M 10,48 L 14,44 L 42,44 L 46,48 L 42,52 L 14,52 L 10,48 z\\" />"`;

exports[`Digit SVG renderer render() should render the integrated circuit 1`] = `
Object {
  "height": 115,
  "path": "<svg xmlns=\\"http://www.w3.org/2000/svg\\"><g transform=\\"scale(0.75)\\"><line x1=\\"0\\" x2=\\"40\\" y1=\\"15\\" y2=\\"15\\" stroke=\\"undefined\\" stroke-width=\\"3\\" />,<line x1=\\"0\\" x2=\\"40\\" y1=\\"42\\" y2=\\"42\\" stroke=\\"undefined\\" stroke-width=\\"3\\" />,<line x1=\\"0\\" x2=\\"40\\" y1=\\"72\\" y2=\\"72\\" stroke=\\"undefined\\" stroke-width=\\"3\\" />,<line x1=\\"0\\" x2=\\"40\\" y1=\\"100\\" y2=\\"100\\" stroke=\\"undefined\\" stroke-width=\\"3\\" /><g transform=\\"translate(40, 2)\\"><rect width=\\"194\\" height=\\"115\\" fill=\\"undefined\\" stroke=\\"undefined\\" stroke-width=\\"3\\" /><g transform=\\"translate(10, 10)\\"><path fill=\\"#71AC7C\\" d=\\"M 8,10 L 12,14 L 12,42 L 8,46 L 4,42 L 4,14 L 8,10 z\\" /><path fill=\\"#71AC7C\\" d=\\"M 10,8 L 14,4 L 42,4 L 46,8 L 42,12 L 14,12 L 10,8 z\\" /><path fill=\\"#71AC7C\\" d=\\"M 48,10 L 52,14 L 52,42 L 48,46 L 44,42 L 44,14 L 48,10 z\\" /><path fill=\\"#71AC7C\\" d=\\"M 48,50 L 52,54 L 52,82 L 48,86 L 44,82 L 44,54 L 48,50 z\\" /><path fill=\\"#262831\\" d=\\"M 10,88 L 14,84 L 42,84 L 46,88 L 42,92 L 14,92 L 10,88 z\\" /><path fill=\\"#71AC7C\\" d=\\"M 8,50 L 12,54 L 12,82 L 8,86 L 4,82 L 4,54 L 8,50 z\\" /><path fill=\\"#71AC7C\\" d=\\"M 10,48 L 14,44 L 42,44 L 46,48 L 42,52 L 14,52 L 10,48 z\\" /></g><g transform=\\"translate(70, 10)\\"><path fill=\\"#71AC7C\\" d=\\"M 8,10 L 12,14 L 12,42 L 8,46 L 4,42 L 4,14 L 8,10 z\\" /><path fill=\\"#262831\\" d=\\"M 10,8 L 14,4 L 42,4 L 46,8 L 42,12 L 14,12 L 10,8 z\\" /><path fill=\\"#262831\\" d=\\"M 48,10 L 52,14 L 52,42 L 48,46 L 44,42 L 44,14 L 48,10 z\\" /><path fill=\\"#71AC7C\\" d=\\"M 48,50 L 52,54 L 52,82 L 48,86 L 44,82 L 44,54 L 48,50 z\\" /><path fill=\\"#71AC7C\\" d=\\"M 10,88 L 14,84 L 42,84 L 46,88 L 42,92 L 14,92 L 10,88 z\\" /><path fill=\\"#71AC7C\\" d=\\"M 8,50 L 12,54 L 12,82 L 8,86 L 4,82 L 4,54 L 8,50 z\\" /><path fill=\\"#71AC7C\\" d=\\"M 10,48 L 14,44 L 42,44 L 46,48 L 42,52 L 14,52 L 10,48 z\\" /></g><g transform=\\"translate(130, 10)\\"><path fill=\\"#71AC7C\\" d=\\"M 8,10 L 12,14 L 12,42 L 8,46 L 4,42 L 4,14 L 8,10 z\\" /><path fill=\\"#71AC7C\\" d=\\"M 10,8 L 14,4 L 42,4 L 46,8 L 42,12 L 14,12 L 10,8 z\\" /><path fill=\\"#262831\\" d=\\"M 48,10 L 52,14 L 52,42 L 48,46 L 44,42 L 44,14 L 48,10 z\\" /><path fill=\\"#262831\\" d=\\"M 48,50 L 52,54 L 52,82 L 48,86 L 44,82 L 44,54 L 48,50 z\\" /><path fill=\\"#71AC7C\\" d=\\"M 10,88 L 14,84 L 42,84 L 46,88 L 42,92 L 14,92 L 10,88 z\\" /><path fill=\\"#71AC7C\\" d=\\"M 8,50 L 12,54 L 12,82 L 8,86 L 4,82 L 4,54 L 8,50 z\\" /><path fill=\\"#262831\\" d=\\"M 10,48 L 14,44 L 42,44 L 46,48 L 42,52 L 14,52 L 10,48 z\\" /></g></g></g></svg>",
  "ports": Array [
    Object {
      "type": "input",
      "x": 0,
      "y": 12,
    },
    Object {
      "type": "input",
      "x": 0,
      "y": 32,
    },
    Object {
      "type": "input",
      "x": 0,
      "y": 54,
    },
    Object {
      "type": "input",
      "x": 0,
      "y": 75,
    },
  ],
  "width": 208,
}
`;
