// Jest Snapshot v1, https://goo.gl/fbAQLP

exports[`Integrated Circuit SVG renderer render() should render the integrated circuit 1`] = `
Object {
  "height": 60,
  "path": "<svg width=\\"264\\" height=\\"60\\" xmlns=\\"http://www.w3.org/2000/svg\\"><g transform=\\"translate(0, -30)\\"><svg x=\\"30\\" y=\\"30\\" width=\\"204\\" height=\\"60\\" transform=\\"translate(30, 30)\\"><rect width=\\"204\\" height=\\"60\\" stroke=\\"undefined\\" stroke-width=\\"2\\" fill=\\"undefined\\" /><svg width=\\"204\\" height=\\"60\\"><text x=\\"102\\" y=\\"30\\" font-family=\\"Lucida Console, Monaco, monospace\\" font-size=\\"12\\" fill=\\"undefined\\" text-anchor=\\"middle\\" alignment-baseline=\\"central\\">Test circuit</text></svg></svg><line x1=\\"0\\" x2=\\"30\\" y1=\\"45\\" y2=\\"45\\" stroke-width=\\"2\\" stroke=\\"undefined\\" /><line x1=\\"0\\" x2=\\"30\\" y1=\\"75\\" y2=\\"75\\" stroke-width=\\"2\\" stroke=\\"undefined\\" /><line x1=\\"234\\" x2=\\"264\\" y1=\\"45\\" y2=\\"45\\" stroke-width=\\"2\\" stroke=\\"undefined\\" /><line x1=\\"234\\" x2=\\"264\\" y1=\\"75\\" y2=\\"75\\" stroke-width=\\"2\\" stroke=\\"undefined\\" /><text x=\\"36\\" y=\\"49\\" font-family=\\"Lucida Console, Monaco, monospace\\" font-size=\\"12\\" fill=\\"undefined\\">R</text><text x=\\"36\\" y=\\"79\\" font-family=\\"Lucida Console, Monaco, monospace\\" font-size=\\"12\\" fill=\\"undefined\\">S</text><text x=\\"206.25\\" y=\\"49\\" font-family=\\"Lucida Console, Monaco, monospace\\" font-size=\\"12\\" fill=\\"undefined\\">OU…</text><text x=\\"206.25\\" y=\\"79\\" font-family=\\"Lucida Console, Monaco, monospace\\" font-size=\\"12\\" fill=\\"undefined\\">OU…</text></g></svg>",
  "ports": Array [
    Object {
      "type": "input",
      "x": 0,
      "y": 15,
    },
    Object {
      "type": "input",
      "x": 0,
      "y": 45,
    },
    Object {
      "type": "output",
      "x": 264,
      "y": 15,
    },
    Object {
      "type": "output",
      "x": 264,
      "y": 45,
    },
  ],
  "width": 264,
}
`;
