// Vitest Snapshot v1, https://vitest.dev/guide/snapshot.html

exports[`Oscilloscope Viewer > should match the snapshot 1`] = `
"<div class="oscilloscope-viewer">
  <div class="oscilloscope-viewer__touch-resizer">
    <div class="oscilloscope-viewer__mouse-resizer"></div>
  </div>
  <div class="oscilloscope-viewer__inner"></div>
</div>"
`;

exports[`Oscilloscope Viewer should match the snapshot 1`] = `
"<div class="oscilloscope-viewer">
  <div class="oscilloscope-viewer__touch-resizer">
    <div class="oscilloscope-viewer__mouse-resizer"></div>
  </div>
  <div class="oscilloscope-viewer__inner"></div>
</div>"
`;
