// Jest Snapshot v1, https://goo.gl/fbAQLP

exports[`Item Properties should match the snapshot 1`] = `
"<transition-stub name="modal" appear="true" persisted="false" css="true">
  <div class="modal">
    <div class="modal__inner" tabindex="0">
      <div class="modal__title">
        <div class="modal__title-text">Modal Title</div><button title="Close" class="modal__close"><svg xmlns="http://www.w3.org/2000/svg" class="icon" viewBox="0 0 320 512">
            <path fill="currentColor" d="M310.6 361.4c12.5 12.5 12.5 32.75 0 45.25C304.4 412.9 296.2 416 288 416s-16.38-3.125-22.62-9.375L160 301.3L54.63 406.6C48.38 412.9 40.19 416 32 416S15.63 412.9 9.375 406.6c-12.5-12.5-12.5-32.75 0-45.25l105.4-105.4L9.375 150.6c-12.5-12.5-12.5-32.75 0-45.25s32.75-12.5 45.25 0L160 210.8l105.4-105.4c12.5-12.5 32.75-12.5 45.25 0s12.5 32.75 0 45.25l-105.4 105.4L310.6 361.4z"></path>
          </svg></button>
      </div>
      <div class="modal__content"><strong>Content</strong></div>
      <div class="modal__buttons"><button>Close</button></div>
    </div>
    <div tabindex="0" data-test="focus-end"></div>
  </div>
</transition-stub>"
`;
